// Jest Snapshot v1, https://goo.gl/fbAQLP

exports[`SyntaxHighlighter render as text if language doesnt exist 1`] = `
<pre
  style={
    Object {
      "MozHyphens": "none",
      "MozTabSize": "4",
      "OTabSize": "4",
      "WebkitHyphens": "none",
      "background": "#f5f2f0",
      "color": "black",
      "fontFamily": "Consolas, Monaco, 'Andale Mono', 'Ubuntu Mono', monospace",
      "fontSize": "1em",
      "hyphens": "none",
      "lineHeight": "1.5",
      "margin": ".5em 0",
      "msHyphens": "none",
      "overflow": "auto",
      "padding": "1em",
      "tabSize": "4",
      "textAlign": "left",
      "textShadow": "0 1px white",
      "whiteSpace": "pre",
      "wordBreak": "normal",
      "wordSpacing": "normal",
      "wordWrap": "normal",
    }
  }
>
  <code
    style={
      Object {
        "MozHyphens": "none",
        "MozTabSize": "4",
        "OTabSize": "4",
        "WebkitHyphens": "none",
        "background": "none",
        "color": "black",
        "fontFamily": "Consolas, Monaco, 'Andale Mono', 'Ubuntu Mono', monospace",
        "fontSize": "1em",
        "hyphens": "none",
        "lineHeight": "1.5",
        "msHyphens": "none",
        "tabSize": "4",
        "textAlign": "left",
        "textShadow": "0 1px white",
        "whiteSpace": "pre",
        "wordBreak": "normal",
        "wordSpacing": "normal",
        "wordWrap": "normal",
      }
    }
  >
    <span
      className=""
      style={Object {}}
    >
      print('hello')
    </span>
  </code>
</pre>
`;

exports[`SyntaxHighlighter renders fortran highlighted text 1`] = `
<pre
  style={
    Object {
      "MozHyphens": "none",
      "MozTabSize": "4",
      "OTabSize": "4",
      "WebkitHyphens": "none",
      "background": "#f5f2f0",
      "color": "black",
      "fontFamily": "Consolas, Monaco, 'Andale Mono', 'Ubuntu Mono', monospace",
      "fontSize": "1em",
      "hyphens": "none",
      "lineHeight": "1.5",
      "margin": ".5em 0",
      "msHyphens": "none",
      "overflow": "auto",
      "padding": "1em",
      "tabSize": "4",
      "textAlign": "left",
      "textShadow": "0 1px white",
      "whiteSpace": "pre",
      "wordBreak": "normal",
      "wordSpacing": "normal",
      "wordWrap": "normal",
    }
  }
>
  <code
    style={
      Object {
        "MozHyphens": "none",
        "MozTabSize": "4",
        "OTabSize": "4",
        "WebkitHyphens": "none",
        "background": "none",
        "color": "black",
        "fontFamily": "Consolas, Monaco, 'Andale Mono', 'Ubuntu Mono', monospace",
        "fontSize": "1em",
        "hyphens": "none",
        "lineHeight": "1.5",
        "msHyphens": "none",
        "tabSize": "4",
        "textAlign": "left",
        "textShadow": "0 1px white",
        "whiteSpace": "pre",
        "wordBreak": "normal",
        "wordSpacing": "normal",
        "wordWrap": "normal",
      }
    }
  >
    <span
      className=""
      style={Object {}}
    >
      

    </span>
    <span
      className=""
      style={Object {}}
    >
                  C AREA OF A TRIANGLE WITH A STANDARD SQUARE ROOT 
    </span>
    <span
      className="hljs-function hljs-keyword"
      style={Object {}}
    >
      FUNCTION
    </span>
    <span
      className=""
      style={Object {}}
    >
      

    </span>
    <span
      className=""
      style={Object {}}
    >
                  C INPUT - TAPE READER 
    </span>
    <span
      className="hljs-keyword"
      style={Object {}}
    >
      UNIT
    </span>
    <span
      className=""
      style={Object {}}
    >
       
    </span>
    <span
      className="hljs-number"
      style={Object {}}
    >
      5
    </span>
    <span
      className=""
      style={Object {}}
    >
      , 
    </span>
    <span
      className="hljs-keyword"
      style={Object {}}
    >
      INTEGER
    </span>
    <span
      className=""
      style={Object {}}
    >
       INPUT

    </span>
    <span
      className=""
      style={Object {}}
    >
                  C OUTPUT - LINE PRINTER 
    </span>
    <span
      className="hljs-keyword"
      style={Object {}}
    >
      UNIT
    </span>
    <span
      className=""
      style={Object {}}
    >
       
    </span>
    <span
      className="hljs-number"
      style={Object {}}
    >
      6
    </span>
    <span
      className=""
      style={Object {}}
    >
      , 
    </span>
    <span
      className="hljs-keyword"
      style={Object {}}
    >
      REAL
    </span>
    <span
      className=""
      style={Object {}}
    >
       OUTPUT

    </span>
    <span
      className=""
      style={Object {}}
    >
                  C INPUT ERROR DISPLAY ERROR OUTPUT CODE 
    </span>
    <span
      className="hljs-number"
      style={Object {}}
    >
      1
    </span>
    <span
      className=""
      style={Object {}}
    >
       
    </span>
    <span
      className="hljs-keyword"
      style={Object {}}
    >
      IN
    </span>
    <span
      className=""
      style={Object {}}
    >
       JOB CONTROL LISTING

    </span>
    <span
      className=""
      style={Object {}}
    >
                      READ INPUT TAPE 
    </span>
    <span
      className="hljs-number"
      style={Object {}}
    >
      5
    </span>
    <span
      className=""
      style={Object {}}
    >
      , 
    </span>
    <span
      className="hljs-number"
      style={Object {}}
    >
      501
    </span>
    <span
      className=""
      style={Object {}}
    >
      , IA, IB, IC

    </span>
    <span
      className=""
      style={Object {}}
    >
                  
    </span>
    <span
      className="hljs-number"
      style={Object {}}
    >
      501
    </span>
    <span
      className=""
      style={Object {}}
    >
       
    </span>
    <span
      className="hljs-keyword"
      style={Object {}}
    >
      FORMAT
    </span>
    <span
      className=""
      style={Object {}}
    >
       (I5)

    </span>
                C IA, IB, AND IC MAY NOT BE NEGATIVE OR ZERO

    <span
      className=""
      style={Object {}}
    >
                  C FURTHERMORE, THE 
    </span>
    <span
      className="hljs-built_in"
      style={Object {}}
    >
      SUM
    </span>
    <span
      className=""
      style={Object {}}
    >
       OF TWO SIDES OF A TRIANGLE

    </span>
                C MUST BE GREATER THAN THE THIRD SIDE, SO WE CHECK FOR THAT, TOO

    <span
      className=""
      style={Object {}}
    >
                      
    </span>
    <span
      className="hljs-keyword"
      style={Object {}}
    >
      IF
    </span>
    <span
      className=""
      style={Object {}}
    >
       (IA) 
    </span>
    <span
      className="hljs-number"
      style={Object {}}
    >
      777
    </span>
    <span
      className=""
      style={Object {}}
    >
      , 
    </span>
    <span
      className="hljs-number"
      style={Object {}}
    >
      777
    </span>
    <span
      className=""
      style={Object {}}
    >
      , 
    </span>
    <span
      className="hljs-number"
      style={Object {}}
    >
      701
    </span>
    <span
      className=""
      style={Object {}}
    >
      

    </span>
    <span
      className=""
      style={Object {}}
    >
                  
    </span>
    <span
      className="hljs-number"
      style={Object {}}
    >
      701
    </span>
    <span
      className=""
      style={Object {}}
    >
       
    </span>
    <span
      className="hljs-keyword"
      style={Object {}}
    >
      IF
    </span>
    <span
      className=""
      style={Object {}}
    >
       (IB) 
    </span>
    <span
      className="hljs-number"
      style={Object {}}
    >
      777
    </span>
    <span
      className=""
      style={Object {}}
    >
      , 
    </span>
    <span
      className="hljs-number"
      style={Object {}}
    >
      777
    </span>
    <span
      className=""
      style={Object {}}
    >
      , 
    </span>
    <span
      className="hljs-number"
      style={Object {}}
    >
      702
    </span>
    <span
      className=""
      style={Object {}}
    >
      

    </span>
    <span
      className=""
      style={Object {}}
    >
                  
    </span>
    <span
      className="hljs-number"
      style={Object {}}
    >
      702
    </span>
    <span
      className=""
      style={Object {}}
    >
       
    </span>
    <span
      className="hljs-keyword"
      style={Object {}}
    >
      IF
    </span>
    <span
      className=""
      style={Object {}}
    >
       (IC) 
    </span>
    <span
      className="hljs-number"
      style={Object {}}
    >
      777
    </span>
    <span
      className=""
      style={Object {}}
    >
      , 
    </span>
    <span
      className="hljs-number"
      style={Object {}}
    >
      777
    </span>
    <span
      className=""
      style={Object {}}
    >
      , 
    </span>
    <span
      className="hljs-number"
      style={Object {}}
    >
      703
    </span>
    <span
      className=""
      style={Object {}}
    >
      

    </span>
    <span
      className=""
      style={Object {}}
    >
                  
    </span>
    <span
      className="hljs-number"
      style={Object {}}
    >
      703
    </span>
    <span
      className=""
      style={Object {}}
    >
       
    </span>
    <span
      className="hljs-keyword"
      style={Object {}}
    >
      IF
    </span>
    <span
      className=""
      style={Object {}}
    >
       (IA+IB-IC) 
    </span>
    <span
      className="hljs-number"
      style={Object {}}
    >
      777
    </span>
    <span
      className=""
      style={Object {}}
    >
      , 
    </span>
    <span
      className="hljs-number"
      style={Object {}}
    >
      777
    </span>
    <span
      className=""
      style={Object {}}
    >
      , 
    </span>
    <span
      className="hljs-number"
      style={Object {}}
    >
      704
    </span>
    <span
      className=""
      style={Object {}}
    >
      

    </span>
    <span
      className=""
      style={Object {}}
    >
                  
    </span>
    <span
      className="hljs-number"
      style={Object {}}
    >
      704
    </span>
    <span
      className=""
      style={Object {}}
    >
       
    </span>
    <span
      className="hljs-keyword"
      style={Object {}}
    >
      IF
    </span>
    <span
      className=""
      style={Object {}}
    >
       (IA+IC-IB) 
    </span>
    <span
      className="hljs-number"
      style={Object {}}
    >
      777
    </span>
    <span
      className=""
      style={Object {}}
    >
      , 
    </span>
    <span
      className="hljs-number"
      style={Object {}}
    >
      777
    </span>
    <span
      className=""
      style={Object {}}
    >
      , 
    </span>
    <span
      className="hljs-number"
      style={Object {}}
    >
      705
    </span>
    <span
      className=""
      style={Object {}}
    >
      

    </span>
    <span
      className=""
      style={Object {}}
    >
                  
    </span>
    <span
      className="hljs-number"
      style={Object {}}
    >
      705
    </span>
    <span
      className=""
      style={Object {}}
    >
       
    </span>
    <span
      className="hljs-keyword"
      style={Object {}}
    >
      IF
    </span>
    <span
      className=""
      style={Object {}}
    >
       (IB+IC-IA) 
    </span>
    <span
      className="hljs-number"
      style={Object {}}
    >
      777
    </span>
    <span
      className=""
      style={Object {}}
    >
      , 
    </span>
    <span
      className="hljs-number"
      style={Object {}}
    >
      777
    </span>
    <span
      className=""
      style={Object {}}
    >
      , 
    </span>
    <span
      className="hljs-number"
      style={Object {}}
    >
      799
    </span>
    <span
      className=""
      style={Object {}}
    >
      

    </span>
    <span
      className=""
      style={Object {}}
    >
                  
    </span>
    <span
      className="hljs-number"
      style={Object {}}
    >
      777
    </span>
    <span
      className=""
      style={Object {}}
    >
       
    </span>
    <span
      className="hljs-keyword"
      style={Object {}}
    >
      STOP
    </span>
    <span
      className=""
      style={Object {}}
    >
       
    </span>
    <span
      className="hljs-number"
      style={Object {}}
    >
      1
    </span>
    <span
      className=""
      style={Object {}}
    >
      

    </span>
    <span
      className=""
      style={Object {}}
    >
                  C USING HERON
    </span>
    <span
      className="hljs-string"
      style={Object {}}
    >
      'S FORMULA WE CALCULATE THE

    </span>
                C AREA OF THE TRIANGLE

                799 S = FLOATF (IA + IB + IC) / 2.0

                    AREA = SQRTF( S * (S - FLOATF(IA)) * (S - FLOATF(IB)) *

                    +     (S - FLOATF(IC)))

                    WRITE OUTPUT TAPE 6, 601, IA, IB, IC, AREA

                601 FORMAT (4H A= ,I5,5H  B= ,I5,5H  C= ,I5,8H  AREA= ,F10.2,

                    +        13H SQUARE UNITS)

                    STOP

                    END

                       

  </code>
</pre>
`;

exports[`SyntaxHighlighter renders javascript highlighted text 1`] = `
<pre
  style={
    Object {
      "MozHyphens": "none",
      "MozTabSize": "4",
      "OTabSize": "4",
      "WebkitHyphens": "none",
      "background": "#f5f2f0",
      "color": "black",
      "fontFamily": "Consolas, Monaco, 'Andale Mono', 'Ubuntu Mono', monospace",
      "fontSize": "1em",
      "hyphens": "none",
      "lineHeight": "1.5",
      "margin": ".5em 0",
      "msHyphens": "none",
      "overflow": "auto",
      "padding": "1em",
      "tabSize": "4",
      "textAlign": "left",
      "textShadow": "0 1px white",
      "whiteSpace": "pre",
      "wordBreak": "normal",
      "wordSpacing": "normal",
      "wordWrap": "normal",
    }
  }
>
  <code
    style={
      Object {
        "MozHyphens": "none",
        "MozTabSize": "4",
        "OTabSize": "4",
        "WebkitHyphens": "none",
        "background": "none",
        "color": "black",
        "fontFamily": "Consolas, Monaco, 'Andale Mono', 'Ubuntu Mono', monospace",
        "fontSize": "1em",
        "hyphens": "none",
        "lineHeight": "1.5",
        "msHyphens": "none",
        "tabSize": "4",
        "textAlign": "left",
        "textShadow": "0 1px white",
        "whiteSpace": "pre",
        "wordBreak": "normal",
        "wordSpacing": "normal",
        "wordWrap": "normal",
      }
    }
  >
    <span
      className=""
      style={Object {}}
    >
      import React from "react";

    </span>
    import uniquePropHOC from "./lib/unique-prop-hoc";

    

    class Expire extends React.Component {

        constructor(props) {

            super(props);

            this.state = { component: props.children }

        }

        componentDidMount() {

            setTimeout(() =&gt; {

                this.setState({

                    component: null

                });

            }, this.props.time || this.props.seconds * 1000);

        }

        render() {

            return this.state.component;

        }

    }

  </code>
</pre>
`;

exports[`SyntaxHighlighter renders text while language loads 1`] = `
<pre
  style={
    Object {
      "MozHyphens": "none",
      "MozTabSize": "4",
      "OTabSize": "4",
      "WebkitHyphens": "none",
      "background": "#f5f2f0",
      "color": "black",
      "fontFamily": "Consolas, Monaco, 'Andale Mono', 'Ubuntu Mono', monospace",
      "fontSize": "1em",
      "hyphens": "none",
      "lineHeight": "1.5",
      "margin": ".5em 0",
      "msHyphens": "none",
      "overflow": "auto",
      "padding": "1em",
      "tabSize": "4",
      "textAlign": "left",
      "textShadow": "0 1px white",
      "whiteSpace": "pre",
      "wordBreak": "normal",
      "wordSpacing": "normal",
      "wordWrap": "normal",
    }
  }
>
  <code
    style={
      Object {
        "MozHyphens": "none",
        "MozTabSize": "4",
        "OTabSize": "4",
        "WebkitHyphens": "none",
        "background": "none",
        "color": "black",
        "fontFamily": "Consolas, Monaco, 'Andale Mono', 'Ubuntu Mono', monospace",
        "fontSize": "1em",
        "hyphens": "none",
        "lineHeight": "1.5",
        "msHyphens": "none",
        "tabSize": "4",
        "textAlign": "left",
        "textShadow": "0 1px white",
        "whiteSpace": "pre",
        "wordBreak": "normal",
        "wordSpacing": "normal",
        "wordWrap": "normal",
      }
    }
  >
    <span
      className=""
      style={Object {}}
    >
      

    </span>
                C AREA OF A TRIANGLE WITH A STANDARD SQUARE ROOT FUNCTION

                C INPUT - TAPE READER UNIT 5, INTEGER INPUT

                C OUTPUT - LINE PRINTER UNIT 6, REAL OUTPUT

                C INPUT ERROR DISPLAY ERROR OUTPUT CODE 1 IN JOB CONTROL LISTING

                    READ INPUT TAPE 5, 501, IA, IB, IC

                501 FORMAT (3I5)

                C IA, IB, AND IC MAY NOT BE NEGATIVE OR ZERO

                C FURTHERMORE, THE SUM OF TWO SIDES OF A TRIANGLE

                C MUST BE GREATER THAN THE THIRD SIDE, SO WE CHECK FOR THAT, TOO

                    IF (IA) 777, 777, 701

                701 IF (IB) 777, 777, 702

                702 IF (IC) 777, 777, 703

                703 IF (IA+IB-IC) 777, 777, 704

                704 IF (IA+IC-IB) 777, 777, 705

                705 IF (IB+IC-IA) 777, 777, 799

                777 STOP 1

                C USING HERON'S FORMULA WE CALCULATE THE

                C AREA OF THE TRIANGLE

                799 S = FLOATF (IA + IB + IC) / 2.0

                    AREA = SQRTF( S * (S - FLOATF(IA)) * (S - FLOATF(IB)) *

                    +     (S - FLOATF(IC)))

                    WRITE OUTPUT TAPE 6, 601, IA, IB, IC, AREA

                601 FORMAT (4H A= ,I5,5H  B= ,I5,5H  C= ,I5,8H  AREA= ,F10.2,

                    +        13H SQUARE UNITS)

                    STOP

                    END

                       

  </code>
</pre>
`;

exports[`When the code split is loaded - SyntaxHighlighter renders jsx highlighted text 1`] = `
<pre
  style={
    Object {
      "MozHyphens": "none",
      "MozTabSize": "4",
      "OTabSize": "4",
      "WebkitHyphens": "none",
      "background": "#f5f2f0",
      "color": "black",
      "fontFamily": "Consolas, Monaco, 'Andale Mono', 'Ubuntu Mono', monospace",
      "fontSize": "1em",
      "hyphens": "none",
      "lineHeight": "1.5",
      "margin": ".5em 0",
      "msHyphens": "none",
      "overflow": "auto",
      "padding": "1em",
      "tabSize": "4",
      "textAlign": "left",
      "textShadow": "0 1px white",
      "whiteSpace": "pre",
      "wordBreak": "normal",
      "wordSpacing": "normal",
      "wordWrap": "normal",
    }
  }
>
  <code
    style={
      Object {
        "MozHyphens": "none",
        "MozTabSize": "4",
        "OTabSize": "4",
        "WebkitHyphens": "none",
        "background": "none",
        "color": "black",
        "fontFamily": "Consolas, Monaco, 'Andale Mono', 'Ubuntu Mono', monospace",
        "fontSize": "1em",
        "hyphens": "none",
        "lineHeight": "1.5",
        "msHyphens": "none",
        "tabSize": "4",
        "textAlign": "left",
        "textShadow": "0 1px white",
        "whiteSpace": "pre",
        "wordBreak": "normal",
        "wordSpacing": "normal",
        "wordWrap": "normal",
      }
    }
  >
    <span
      className="hljs-keyword"
      style={Object {}}
    >
      import
    </span>
    <span
      className=""
      style={Object {}}
    >
       React 
    </span>
    <span
      className="hljs-keyword"
      style={Object {}}
    >
      from
    </span>
    <span
      className=""
      style={Object {}}
    >
       
    </span>
    <span
      className="hljs-string"
      style={Object {}}
    >
      "react"
    </span>
    <span
      className=""
      style={Object {}}
    >
      ;

    </span>
    <span
      className=""
      style={Object {}}
    >
        
    </span>
    <span
      className="hljs-keyword"
      style={Object {}}
    >
      import
    </span>
    <span
      className=""
      style={Object {}}
    >
       uniquePropHOC 
    </span>
    <span
      className="hljs-keyword"
      style={Object {}}
    >
      from
    </span>
    <span
      className=""
      style={Object {}}
    >
       
    </span>
    <span
      className="hljs-string"
      style={Object {}}
    >
      "./lib/unique-prop-hoc"
    </span>
    <span
      className=""
      style={Object {}}
    >
      ;

    </span>
      

    <span
      className=""
      style={Object {}}
    >
        
    </span>
    <span
      className="hljs-class hljs-keyword"
      style={Object {}}
    >
      class
    </span>
    <span
      className="hljs-class"
      style={Object {}}
    >
       
    </span>
    <span
      className="hljs-class hljs-title"
      style={Object {}}
    >
      Expire
    </span>
    <span
      className="hljs-class"
      style={Object {}}
    >
       
    </span>
    <span
      className="hljs-class hljs-keyword"
      style={Object {}}
    >
      extends
    </span>
    <span
      className="hljs-class"
      style={Object {}}
    >
       
    </span>
    <span
      className="hljs-class hljs-title"
      style={Object {}}
    >
      React
    </span>
    <span
      className="hljs-class"
      style={Object {}}
    >
      .
    </span>
    <span
      className="hljs-class hljs-title"
      style={Object {}}
    >
      Component
    </span>
    <span
      className="hljs-class"
      style={Object {}}
    >
       
    </span>
    <span
      className=""
      style={Object {}}
    >
      {

    </span>
    <span
      className=""
      style={Object {}}
    >
            
    </span>
    <span
      className="hljs-keyword"
      style={Object {}}
    >
      constructor
    </span>
    <span
      className=""
      style={Object {}}
    >
      (props) {

    </span>
    <span
      className=""
      style={Object {}}
    >
                
    </span>
    <span
      className="hljs-keyword"
      style={Object {}}
    >
      super
    </span>
    <span
      className=""
      style={Object {}}
    >
      (props);

    </span>
    <span
      className=""
      style={Object {}}
    >
                
    </span>
    <span
      className="hljs-keyword"
      style={Object {}}
    >
      this
    </span>
    <span
      className=""
      style={Object {}}
    >
      .state = { 
    </span>
    <span
      className="hljs-attr"
      style={Object {}}
    >
      component
    </span>
    <span
      className=""
      style={Object {}}
    >
      : props.children }

    </span>
          }

          componentDidMount() {

    <span
      className=""
      style={Object {}}
    >
                setTimeout(
    </span>
    <span
      className="hljs-function hljs-params"
      style={Object {}}
    >
      ()
    </span>
    <span
      className="hljs-function"
      style={Object {}}
    >
       =&gt;
    </span>
    <span
      className=""
      style={Object {}}
    >
       {

    </span>
    <span
      className=""
      style={Object {}}
    >
                    
    </span>
    <span
      className="hljs-keyword"
      style={Object {}}
    >
      this
    </span>
    <span
      className=""
      style={Object {}}
    >
      .setState({

    </span>
    <span
      className=""
      style={Object {}}
    >
                        
    </span>
    <span
      className="hljs-attr"
      style={Object {}}
    >
      component
    </span>
    <span
      className=""
      style={Object {}}
    >
      : 
    </span>
    <span
      className="hljs-literal"
      style={Object {}}
    >
      null
    </span>
    <span
      className=""
      style={Object {}}
    >
      

    </span>
                  });

    <span
      className=""
      style={Object {}}
    >
                }, 
    </span>
    <span
      className="hljs-keyword"
      style={Object {}}
    >
      this
    </span>
    <span
      className=""
      style={Object {}}
    >
      .props.time || 
    </span>
    <span
      className="hljs-keyword"
      style={Object {}}
    >
      this
    </span>
    <span
      className=""
      style={Object {}}
    >
      .props.seconds * 
    </span>
    <span
      className="hljs-number"
      style={Object {}}
    >
      1000
    </span>
    <span
      className=""
      style={Object {}}
    >
      );

    </span>
          }

          render() {

    <span
      className=""
      style={Object {}}
    >
                
    </span>
    <span
      className="hljs-keyword"
      style={Object {}}
    >
      return
    </span>
    <span
      className=""
      style={Object {}}
    >
       
    </span>
    <span
      className="hljs-keyword"
      style={Object {}}
    >
      this
    </span>
    <span
      className=""
      style={Object {}}
    >
      .state.component;

    </span>
          }

      }

  </code>
</pre>
`;
