// Jest Snapshot v1, https://goo.gl/fbAQLP

exports[`SyntaxHighlighter renders childre unadultered when no language disocvered in highlight auto 1`] = `
<pre
  style={
    Object {
      "backgroundColor": "#fff",
    }
  }
>
  <code>
    <span
      className=""
      style={Object {}}
    >
      Contacts* contacts = 
    </span>
    <span
      className="hljs-comment"
      style={Object {}}
    >
      [
    </span>
    <span
      className="hljs-comment hljs-comment"
      style={Object {}}
    >
      [Contacts alloc]
    </span>
    <span
      className="hljs-comment"
      style={Object {}}
    >
      init]
    </span>
    <span
      className=""
      style={Object {}}
    >
      ;
    </span>
  </code>
</pre>
`;
